aoc2024/day13/eg.txt
part1 480
part2 875318608908
aoc2024/day13/input.txt
part1 28059
part2 102255878088512
