aoc2024/day15/eg.txt
part1 10092
part2 9021
aoc2024/day15/input.txt
part1 1406628
part2 1432781
