aoc2024/day16/eg.txt
part1 7036
part2 45
aoc2024/day16/eg2.txt
part1 11048
part2 64
aoc2024/day16/input.txt
part1 90460
part2 575
