aoc2024/day12/eg.txt
part1 140
part2 80
aoc2024/day12/eg2.txt
part1 772
part2 436
aoc2024/day12/input.txt
part1 1450816
part2 865662
