aoc2024/day17/eg.txt
part1 4,6,3,5,6,3,5,2,1,0
fail
aoc2024/day17/eg2.txt
part1 5,7,3,0
part2 117440

aoc2024/day17/input.txt
part1 5,0,3,5,7,6,1,5,4
part2 164516454365621

