aoc2024/day18/eg.txt
12
part1 22
best 20
part2 6,1
aoc2024/day18/input.txt
1024
part1 260
best 2881
part2 24,48
