aoc2024/day11/eg.txt
part1 55312
part2 65601038650482
aoc2024/day11/input.txt
part1 186175
part2 220566831337810
