aoc2024/day19/eg.txt
part1 6
part2 16
aoc2024/day19/input.txt
part1 371
part2 650354687260341
