aoc2024/day1/eg.txt
part1 11
part2 31
aoc2024/day1/input.txt
part1 1197984
part2 23387399
