aoc2024/day10/eg.txt
part1 1
part2 16
aoc2024/day10/eg2.txt
part1 2
part2 2
aoc2024/day10/eg3.txt
part1 4
part2 13
aoc2024/day10/eg4.txt
part1 3
part2 3
aoc2024/day10/eg5.txt
part1 36
part2 81
aoc2024/day10/input.txt
part1 510
part2 1058
