aoc2024/day20/eg.txt
base 84
part1 1
part2 285
aoc2024/day20/input.txt
base 9440
part1 1332
part2 987695
