aoc2024/day25/eg.txt
(2, 3)
part1 3
aoc2024/day25/input.txt
(250, 250)
part1 3397
