aoc2024/day23/eg.txt
32 pairs
64 dpairs
part1 7
part2 co,de,ka,ta
aoc2024/day23/input.txt
3380 pairs
6760 dpairs
part1 1170
part2 bo,dd,eq,ik,lo,lu,ph,ro,rr,rw,uo,wx,yg
