aoc2024/day22/eg2.txt
part1 37990510
part2 23
aoc2024/day22/input.txt
part1 13429191512
part2 1582
