aoc2024/day2/eg.txt
part1 2
part2 4
aoc2024/day2/input.txt
part1 524
part2 569
