aoc2024/day24/input.txt
part1 51745744348272
SWAP z18 and hmt
SWAP bfq and z27
SWAP z31 and hkh
SWAP fjp and bng
part2 bfq,bng,fjp,hkh,hmt,z18,z27,z31

