aoc2024/day3/eg.txt
part1 161
part2 161
aoc2024/day3/input.txt
part1 164730528
part2 70478672
