aoc2024/day4/eg.txt
part1 18
part2 9
aoc2024/day4/input.txt
part1 2591
part2 1880
