aoc2024/day5/eg.txt
part1 143
3
part2 123
aoc2024/day5/input.txt
part1 5268
107
part2 5799
