aoc2024/day6/eg.txt
part1 41
part2 6
100
aoc2024/day6/input.txt
part1 5331
part2 1812
16900
