aoc2024/day7/eg.txt
part1 3749
part2 11387
aoc2024/day7/input.txt
part1 21572148763543
part2 581941094529163
