aoc2024/day8/eg.txt
maxrow 11
maxcol 11
part1 14
part2 34
aoc2024/day8/input.txt
maxrow 49
maxcol 49
part1 364
part2 1231
