aoc2024/day9/eg.txt
10 files
part1 1928
part2 2858
aoc2024/day9/input.txt
10000 files
part1 6283404590840
part2 6304576012713
